=== E4: shortlist retrained at 25 epochs (7200 train / 1800 val, seed 0) ===
    epoch 1/25  loss=1.1048  acc=0.3354
    epoch 2/25  loss=1.0832  acc=0.4017
    epoch 3/25  loss=0.9345  acc=0.5911
    epoch 4/25  loss=0.5601  acc=0.7954
    epoch 5/25  loss=0.3999  acc=0.8506
    epoch 6/25  loss=0.3269  acc=0.8768
    epoch 7/25  loss=0.2936  acc=0.8900
    epoch 8/25  loss=0.2620  acc=0.8993
    epoch 9/25  loss=0.2383  acc=0.9106
    epoch 10/25  loss=0.2121  acc=0.9226
    epoch 11/25  loss=0.1847  acc=0.9310
    epoch 12/25  loss=0.1605  acc=0.9440
    epoch 13/25  loss=0.1448  acc=0.9483
    epoch 14/25  loss=0.1271  acc=0.9599
    epoch 15/25  loss=0.1012  acc=0.9672
    epoch 16/25  loss=0.0758  acc=0.9771
    epoch 17/25  loss=0.0604  acc=0.9844
    epoch 18/25  loss=0.0402  acc=0.9944
    epoch 19/25  loss=0.0351  acc=0.9940
    epoch 20/25  loss=0.0280  acc=0.9969
    epoch 21/25  loss=0.0219  acc=0.9981
    epoch 22/25  loss=0.0199  acc=0.9988
    epoch 23/25  loss=0.0187  acc=0.9979
    epoch 24/25  loss=0.0166  acc=0.9993
    epoch 25/25  loss=0.0158  acc=0.9994
  cnn_deeper_s4          cnn            1.367M  @10ep 0.9033 -> @25ep 0.9039  (+0.0006)  gap +0.0955  689.4s
    epoch 1/25  loss=1.0852  acc=0.3858
    epoch 2/25  loss=0.7325  acc=0.6288
    epoch 3/25  loss=0.5884  acc=0.7075
    epoch 4/25  loss=0.5416  acc=0.7403
    epoch 5/25  loss=0.5030  acc=0.7618
    epoch 6/25  loss=0.4825  acc=0.7711
    epoch 7/25  loss=0.4453  acc=0.7954
    epoch 8/25  loss=0.4406  acc=0.7986
    epoch 9/25  loss=0.4191  acc=0.8107
    epoch 10/25  loss=0.3651  acc=0.8419
    epoch 11/25  loss=0.3439  acc=0.8565
    epoch 12/25  loss=0.3079  acc=0.8662
    epoch 13/25  loss=0.2800  acc=0.8815
    epoch 14/25  loss=0.2795  acc=0.8792
    epoch 15/25  loss=0.2427  acc=0.8953
    epoch 16/25  loss=0.2249  acc=0.9021
    epoch 17/25  loss=0.2136  acc=0.9107
    epoch 18/25  loss=0.1931  acc=0.9169
    epoch 19/25  loss=0.1749  acc=0.9300
    epoch 20/25  loss=0.1680  acc=0.9279
    epoch 21/25  loss=0.1439  acc=0.9397
    epoch 22/25  loss=0.1383  acc=0.9431
    epoch 23/25  loss=0.1321  acc=0.9429
    epoch 24/25  loss=0.1235  acc=0.9489
    epoch 25/25  loss=0.1182  acc=0.9514
  resnet_deep_narrow     resnet         3.277M  @10ep 0.8778 -> @25ep 0.8922  (+0.0144)  gap +0.0592  225.8s
    epoch 1/25  loss=0.9542  acc=0.5025
    epoch 2/25  loss=0.6343  acc=0.6951
    epoch 3/25  loss=0.5435  acc=0.7562
    epoch 4/25  loss=0.5175  acc=0.7643
    epoch 5/25  loss=0.4474  acc=0.8053
    epoch 6/25  loss=0.3948  acc=0.8296
    epoch 7/25  loss=0.3325  acc=0.8592
    epoch 8/25  loss=0.2979  acc=0.8740
    epoch 9/25  loss=0.2579  acc=0.8924
    epoch 10/25  loss=0.1966  acc=0.9206
    epoch 11/25  loss=0.1228  acc=0.9549
    epoch 12/25  loss=0.0812  acc=0.9736
    epoch 13/25  loss=0.0691  acc=0.9776
    epoch 14/25  loss=0.0448  acc=0.9878
    epoch 15/25  loss=0.0280  acc=0.9936
    epoch 16/25  loss=0.0153  acc=0.9978
    epoch 17/25  loss=0.0086  acc=0.9990
    epoch 18/25  loss=0.0075  acc=0.9994
    epoch 19/25  loss=0.0045  acc=0.9999
    epoch 20/25  loss=0.0042  acc=1.0000
    epoch 21/25  loss=0.0037  acc=1.0000
    epoch 22/25  loss=0.0026  acc=1.0000
    epoch 23/25  loss=0.0029  acc=1.0000
    epoch 24/25  loss=0.0036  acc=0.9997
    epoch 25/25  loss=0.0031  acc=1.0000
  resnet_micro_4stage    resnet         1.228M  @10ep 0.8433 -> @25ep 0.8294  (-0.0139)  gap +0.1706  111.0s
    epoch 1/25  loss=1.1032  acc=0.3432
    epoch 2/25  loss=1.0898  acc=0.3772
    epoch 3/25  loss=1.0720  acc=0.4074
    epoch 4/25  loss=1.0096  acc=0.5096
    epoch 5/25  loss=0.9015  acc=0.5896
    epoch 6/25  loss=0.8350  acc=0.6376
    epoch 7/25  loss=0.7933  acc=0.6622
    epoch 8/25  loss=0.7557  acc=0.6844
    epoch 9/25  loss=0.7381  acc=0.6963
    epoch 10/25  loss=0.7074  acc=0.7169
    epoch 11/25  loss=0.6898  acc=0.7247
    epoch 12/25  loss=0.6692  acc=0.7436
    epoch 13/25  loss=0.6525  acc=0.7444
    epoch 14/25  loss=0.6341  acc=0.7560
    epoch 15/25  loss=0.6171  acc=0.7624
    epoch 16/25  loss=0.6151  acc=0.7622
    epoch 17/25  loss=0.5985  acc=0.7762
    epoch 18/25  loss=0.5890  acc=0.7788
    epoch 19/25  loss=0.5826  acc=0.7854
    epoch 20/25  loss=0.5761  acc=0.7861
    epoch 21/25  loss=0.5736  acc=0.7868
    epoch 22/25  loss=0.5663  acc=0.7932
    epoch 23/25  loss=0.5647  acc=0.7904
    epoch 24/25  loss=0.5610  acc=0.7944
    epoch 25/25  loss=0.5618  acc=0.7946
  equivariant_c4_mid     equivariant    0.287M  @10ep 0.7206 -> @25ep 0.7894  (+0.0688)  gap +0.0052  1722.7s

  short-budget ranking : ['cnn_deeper_s4', 'resnet_deep_narrow', 'resnet_micro_4stage', 'equivariant_c4_mid']
  full-budget ranking  : ['cnn_deeper_s4', 'resnet_deep_narrow', 'resnet_micro_4stage', 'equivariant_c4_mid']
  Kendall tau          : +1.0000
  winner preserved     : True
  mean gain, conv      : +0.0004
  mean gain, non-conv  : +0.0688

artifacts -> docs/broader_search/e4_budget_validity.json
